
# Spin Population Analysis
# Atom   Type   Population
    1      1      0.5000000
    2      1      0.5000000
  Total Charge =  1.0000000

